tileset building__battle_palace
25 12
12 6
520,520,520,520,520,520,520,520,520,520,520,520,520,520,520,520,520,520,520,520,520,520,520,520,520
525,522,523,525,522,521,523,525,522,521,521,523,525,522,521,521,523,525,522,521,523,525,522,523,525
525,521,521,525,521,521,521,525,521,521,521,521,525,531,532,533,521,525,521,521,521,525,521,521,525
525,521,521,525,528,529,530,525,521,651,652,653,525,539,540,541,521,525,528,529,530,525,521,521,525
525,526,526,525,536,537,538,525,526,659,660,661,525,547,548,549,526,525,536,537,538,525,526,526,525
519,515,544,545,515,515,515,576,577,667,668,669,515,555,556,557,544,545,515,515,515,576,577,519,515
527,513,654,553,554,534,648,649,650,534,513,513,513,513,513,513,654,553,554,534,648,649,650,534,513
527,513,662,561,680,681,682,657,658,546,513,513,513,513,513,513,662,561,683,684,685,657,658,546,513
527,513,670,513,513,513,513,513,513,513,513,513,513,513,513,513,670,513,513,513,513,513,513,513,513
527,513,513,513,513,513,513,513,513,513,513,513,513,513,513,513,513,513,513,513,513,513,513,513,513
527,513,513,513,513,513,513,513,513,513,513,513,513,513,513,513,513,513,513,513,513,513,513,513,513
527,513,513,513,513,513,513,513,513,513,513,513,516,517,513,513,513,513,513,513,513,513,513,513,513
collision
0,0,0,0,0,0,0,0,0,0,0,0,0,0,0,0,0,0,0,0,0,0,0,0,0
1,0,0,1,0,0,0,1,0,0,0,0,1,0,0,0,0,1,0,0,0,1,0,0,1
1,0,0,1,0,0,0,1,0,0,0,0,1,1,1,1,0,1,0,0,0,1,0,0,1
1,0,0,1,1,0,1,1,0,1,1,1,1,1,1,1,0,1,1,0,1,1,0,0,1
1,1,1,1,1,0,1,1,1,1,1,1,1,1,1,1,1,1,1,0,1,1,1,1,1
0,0,1,1,0,0,0,1,1,0,0,0,0,0,0,0,1,1,0,0,0,1,1,0,0
0,0,1,1,1,0,1,1,1,0,0,0,0,0,0,0,1,1,1,0,1,1,1,0,0
0,0,1,0,0,0,0,0,0,0,0,0,0,0,0,0,1,0,0,0,0,0,0,0,0
0,0,0,0,0,0,0,0,0,0,0,0,0,0,0,0,0,0,0,0,0,0,0,0,0
0,0,0,0,0,0,0,0,0,0,0,0,0,0,0,0,0,0,0,0,0,0,0,0,0
0,0,0,0,0,0,0,0,0,0,0,0,0,0,0,0,0,0,0,0,0,0,0,0,0
0,0,0,0,0,0,0,0,0,0,0,0,0,0,0,0,0,0,0,0,0,0,0,0,0
warps
12 11 BattleFrontier_OutsideEast 2
13 11 BattleFrontier_OutsideEast 2
5 4 BattleFrontier_BattlePalaceCorridor 0
npcs
people_expert_m 5 6 S static
people_black_belt 11 8 S wander
people_maniac 24 5 S static
people_man_3 18 10 S wander
people_beauty 2 10 S wander
people_expert_m 19 6 S static
dialogs
1	For a hardy fellow like me, hardy POKéMON are the best.Offense is the best defense! A relentless attack is the ultimate!But that's not what I wanted to chat about.Every so often a really cute lady swings by here.She says that she can tell what POKéMON are thinking.I don't know about that part, but she is really cute.Huh? Why are you looking at me like that?
2	I wonder what sort of nature a POKéMON would have if it favored enfeebling its opponents and chipping away slowly.I'd be surprised if it was a LAX nature.But, nah, that can't be right.
3	Hmm…It appears that the nature of POKéMON and the moves that they have been taught are the keys to battle here.To be more precise, it's how well the moves match the nature of the POKéMON.If your POKéMON is in trouble and unable to live up to its potential, you may need to examine how well its moves match its nature.
4	My POKéMON is usually very docile.But when it's in a BATTLE HALL, it sometimes seems to become transformed into something wicked!It becomes totally intimidating. It's shocking, even.
objscripts
0 BattleFrontier_BattlePalaceLobby_EventScript_SinglesAttendant
1 BattleFrontier_BattlePalaceLobby_EventScript_BlackBelt
2 BattleFrontier_BattlePalaceLobby_EventScript_Maniac
3 BattleFrontier_BattlePalaceLobby_EventScript_Man
4 BattleFrontier_BattlePalaceLobby_EventScript_Beauty
5 BattleFrontier_BattlePalaceLobby_EventScript_DoublesAttendant
scriptdefs
= BattleFrontier_BattlePalaceLobby_EventScript_DoublesAttendant
lock
faceplayer
setvar VAR_FRONTIER_FACILITY FRONTIER_FACILITY_PALACE
setvar VAR_FRONTIER_BATTLE_MODE FRONTIER_MODE_DOUBLES
goto BattleFrontier_BattlePalaceLobby_EventScript_Attendant
end
= BattleFrontier_BattlePalaceLobby_EventScript_Attendant
palace_get PALACE_DATA_PRIZE
goto_if_ne VAR_RESULT ITEM_NONE BattleFrontier_BattlePalaceLobby_EventScript_WonChallenge
special SavePlayerParty
call_if_eq VAR_FRONTIER_BATTLE_MODE FRONTIER_MODE_SINGLES BattleFrontier_BattlePalaceLobby_EventScript_WelcomeForSingleBattle
call_if_eq VAR_FRONTIER_BATTLE_MODE FRONTIER_MODE_DOUBLES BattleFrontier_BattlePalaceLobby_EventScript_WelcomeForDoubleBattle
= BattleFrontier_BattlePalaceLobby_EventScript_WelcomeForDoubleBattle
msgbox	Where the hearts of TRAINERS are put to the test.I welcome you to the BATTLE PALACE.I accept challenges to the DOUBLE BATTLE HALLS.
return
= BattleFrontier_BattlePalaceLobby_EventScript_WelcomeForSingleBattle
msgbox	Where the hearts of TRAINERS are put to the test.I welcome you to the BATTLE PALACE.I accept challenges to the SINGLE BATTLE HALLS.
return
= BattleFrontier_BattlePalaceLobby_EventScript_WonChallenge
lockall
frontier_isbrain
goto_if_eq VAR_RESULT TRUE BattleFrontier_BattlePalaceLobby_EventScript_DefeatedMaven
msgbox	To achieve a 7-win streak…The bonds that bind your heart with your POKéMON seem firm and true.
goto BattleFrontier_BattlePalaceLobby_EventScript_GiveBattlePoints
= BattleFrontier_BattlePalaceLobby_EventScript_GiveBattlePoints
msgbox	In honor of the bond you share with your POKéMON, we present you with these Battle Point(s).
frontier_givepoints
msgbox	BattleFrontier_Text_ObtainedXBattlePoints
message BattleFrontier_BattlePalaceLobby_Text_FeatWillBeRecorded
waitmessage
call BattleFrontier_BattlePalaceLobby_EventScript_SaveAfterChallenge
msgbox	When you have fortified your heart and POKéMON, you must return.
closemessage
setvar VAR_TEMP_CHALLENGE_STATUS 255
releaseall
end
= BattleFrontier_BattlePalaceLobby_EventScript_SaveAfterChallenge
frontier_checkairshow
special LoadPlayerParty
special HealPlayerParty
palace_save 0
playse SE_SAVE
waitse
call BattleFrontier_EventScript_GetCantRecordBattle
goto_if_eq VAR_RESULT TRUE BattleFrontier_BattlePalaceLobby_EventScript_EndSaveAfterChallenge
message BattleFrontier_BattlePalaceLobby_Text_LikeToRecordMatch
waitmessage
multichoicedefault 20 8 MULTI_YESNO 1 FALSE
switch VAR_RESULT
case 1 BattleFrontier_BattlePalaceLobby_EventScript_EndSaveAfterChallenge
case 0 BattleFrontier_BattlePalaceLobby_EventScript_RecordMatch
case MULTI_B_PRESSED BattleFrontier_BattlePalaceLobby_EventScript_EndSaveAfterChallenge
= BattleFrontier_BattlePalaceLobby_EventScript_EndSaveAfterChallenge
return
= BattleFrontier_BattlePalaceLobby_EventScript_RecordMatch
call BattleFrontier_EventScript_SaveBattle
= BattleFrontier_BattlePalaceLobby_EventScript_DefeatedMaven
msgbox	To defeat the PALACE MAVEN and seven TRAINERS in a row…
= BattleFrontier_BattlePalaceLobby_EventScript_Beauty
msgbox	My POKéMON is usually very docile.But when it's in a BATTLE HALL, it sometimes seems to become transformed into something wicked!It becomes totally intimidating. It's shocking, even.
end
= BattleFrontier_BattlePalaceLobby_EventScript_Man
msgbox	Hmm…It appears that the nature of POKéMON and the moves that they have been taught are the keys to battle here.To be more precise, it's how well the moves match the nature of the POKéMON.If your POKéMON is in trouble and unable to live up to its potential, you may need to examine how well its moves match its nature.
end
= BattleFrontier_BattlePalaceLobby_EventScript_Maniac
msgbox	I wonder what sort of nature a POKéMON would have if it favored enfeebling its opponents and chipping away slowly.I'd be surprised if it was a LAX nature.But, nah, that can't be right.
end
= BattleFrontier_BattlePalaceLobby_EventScript_BlackBelt
msgbox	For a hardy fellow like me, hardy POKéMON are the best.Offense is the best defense! A relentless attack is the ultimate!But that's not what I wanted to chat about.Every so often a really cute lady swings by here.She says that she can tell what POKéMON are thinking.I don't know about that part, but she is really cute.Huh? Why are you looking at me like that?
end
= BattleFrontier_BattlePalaceLobby_EventScript_SinglesAttendant
lock
faceplayer
setvar VAR_FRONTIER_FACILITY FRONTIER_FACILITY_PALACE
setvar VAR_FRONTIER_BATTLE_MODE FRONTIER_MODE_SINGLES
goto BattleFrontier_BattlePalaceLobby_EventScript_Attendant
end
signs
10 4	The BATTLE HALL rules are listed.
