tileset building__trick_house_puzzle
15 22
6 10
513,513,513,513,513,513,513,513,513,513,513,513,514,623,516
521,521,521,521,521,521,521,521,521,521,521,521,522,631,524
640,528,528,640,528,528,640,528,528,528,689,690,528,528,640
648,647,647,648,647,520,648,647,520,520,688,691,649,642,651
648,520,520,648,520,520,652,642,642,642,642,642,651,647,648
648,520,520,656,520,641,660,642,650,520,520,520,648,520,648
648,520,520,681,682,520,684,520,657,642,643,520,648,520,648
657,642,643,680,683,640,520,520,520,692,520,520,648,520,648
520,520,520,520,649,660,642,642,642,642,643,520,648,520,648
520,649,642,642,658,520,520,520,520,520,520,520,648,520,648
520,648,520,520,520,520,520,649,642,650,520,520,648,520,648
647,648,520,649,642,642,650,648,520,657,650,520,648,647,648
641,658,520,648,520,520,648,648,647,520,648,520,652,642,651
520,520,520,648,647,520,648,648,520,649,658,520,656,520,648
676,520,520,657,642,642,658,657,642,658,520,520,520,520,648
520,520,520,520,520,520,520,520,520,520,520,520,640,520,648
649,642,642,642,642,642,642,659,642,642,650,520,648,520,648
648,647,520,673,674,520,531,648,665,666,648,520,656,520,648
657,642,650,672,675,649,642,658,664,667,656,520,520,520,648
520,520,657,642,650,648,520,520,668,520,520,520,640,520,648
520,520,520,520,657,658,520,640,665,666,640,520,648,520,648
529,530,520,520,520,520,520,656,664,667,657,642,660,642,658
collision
1,1,1,1,1,1,1,1,1,1,1,1,1,1,1
1,1,1,1,1,1,1,1,1,1,1,1,1,1,1
1,0,0,1,0,0,1,0,0,0,0,0,0,0,1
1,0,0,1,0,0,1,0,0,0,0,0,1,1,1
1,0,0,1,0,0,1,1,1,1,1,1,1,0,1
1,0,0,1,0,1,1,1,1,0,0,0,1,0,1
1,0,0,0,0,0,0,0,1,1,1,0,1,0,1
1,1,1,0,0,1,0,0,0,0,0,0,1,0,1
0,0,0,0,1,1,1,1,1,1,1,0,1,0,1
0,1,1,1,1,0,0,0,0,0,0,0,1,0,1
0,1,0,0,0,0,0,1,1,1,0,0,1,0,1
0,1,0,1,1,1,1,1,0,1,1,0,1,0,1
1,1,0,1,0,0,1,1,0,0,1,0,1,1,1
0,0,0,1,0,0,1,1,0,1,1,0,1,0,1
0,0,0,1,1,1,1,1,1,1,0,0,0,0,1
0,0,0,0,0,0,0,0,0,0,0,0,1,0,1
1,1,1,1,1,1,1,1,1,1,1,0,1,0,1
1,0,0,0,0,0,1,1,0,0,1,0,1,0,1
1,1,1,0,0,1,1,1,0,0,1,0,0,0,1
0,0,1,1,1,1,0,0,0,0,0,0,1,0,1
0,0,0,0,1,1,0,1,0,0,1,0,1,0,1
0,0,0,0,0,0,0,1,0,0,1,1,1,1,1
warps
0 21 Route110_TrickHouseEntrance 2
1 21 Route110_TrickHouseEntrance 2
13 1 Route110_TrickHouseEnd 0
13 4 Route110_TrickHousePuzzle7 4
7 3 Route110_TrickHousePuzzle7 3
13 11 Route110_TrickHousePuzzle7 6
4 3 Route110_TrickHousePuzzle7 5
1 17 Route110_TrickHousePuzzle7 8
0 11 Route110_TrickHousePuzzle7 7
2 3 Route110_TrickHousePuzzle7 10
4 13 Route110_TrickHousePuzzle7 9
1 3 Route110_TrickHousePuzzle7 12
8 12 Route110_TrickHousePuzzle7 11
npcs
people_psychic_m 9 20 E static 0
people_lass 10 2 N static 0
people_hex_maniac 8 17 W static 0
misc_item_ball 5 12 S static FLAG_ITEM_TRICK_HOUSE_PUZZLE_7_TROPIC_MAIL
people_psychic_m 9 2 S static 0
people_lass 8 13 N static 0
people_gentleman 9 12 W static 0
misc_statue 4 17 S static 0
misc_statue 4 6 S static 0
dialogs
0	I wish I could appear and disappear as if I were smoke, too.
1	You're solving all the puzzles in the TRICK HOUSE. That's the feeling I get.
2	I've circled the same spot over ten times now… It's ill fortune…
4	Well, anyway, we both picked a weird place to get acquainted.As one weirdo to another, let's do our best!
5	Humph! I'm not upset! Not me!
6	I was hoping to switch places with you when I beat you, but…
objscripts
0 Route110_TrickHousePuzzle7_EventScript_Joshua
1 Route110_TrickHousePuzzle7_EventScript_Alexis
2 Route110_TrickHousePuzzle7_EventScript_Patricia
3 Route110_TrickHousePuzzle7_EventScript_ItemTropicMail
4 Route110_TrickHousePuzzle7_EventScript_Alvaro
5 Route110_TrickHousePuzzle7_EventScript_Mariela
6 Route110_TrickHousePuzzle7_EventScript_Everett
triggers
8 19 VAR_TEMP_1 0 Route110_TrickHousePuzzle7_EventScript_YellowButton
0 14 VAR_TEMP_1 0 Route110_TrickHousePuzzle7_EventScript_BlueButton
6 6 VAR_TEMP_1 0 Route110_TrickHousePuzzle7_EventScript_GreenButton
9 7 VAR_TEMP_1 0 Route110_TrickHousePuzzle7_EventScript_PurpleButton
onload
VAR_TRICK_HOUSE_PUZZLE_7_STATE_2 1 Route110_TrickHousePuzzle7_EventScript_ClearState2
scriptdefs
= Route110_TrickHousePuzzle7_EventScript_ClearState2
setvar VAR_TRICK_HOUSE_PUZZLE_7_STATE_2 0
end
= Route110_TrickHousePuzzle7_EventScript_PurpleButton
playse SE_SWITCH
waitse
playse SE_REPEL
initrotatingtilepuzzle TRUE
moverotatingtileobjects 3
waitmovement 0
turnrotatingtileobjects
waitmovement 0
freerotatingtilepuzzle
end
@ Unused
goto Route110_TrickHousePuzzle7_EventScript_RedButton
= Route110_TrickHousePuzzle7_EventScript_RedButton
playse SE_SWITCH
waitse
playse SE_REPEL
initrotatingtilepuzzle TRUE
moverotatingtileobjects 4
waitmovement 0
turnrotatingtileobjects
waitmovement 0
freerotatingtilepuzzle
end
= Route110_TrickHousePuzzle7_EventScript_GreenButton
playse SE_SWITCH
waitse
playse SE_REPEL
initrotatingtilepuzzle TRUE
moverotatingtileobjects 2
waitmovement 0
turnrotatingtileobjects
waitmovement 0
freerotatingtilepuzzle
end
= Route110_TrickHousePuzzle7_EventScript_BlueButton
playse SE_SWITCH
waitse
playse SE_REPEL
initrotatingtilepuzzle TRUE
moverotatingtileobjects 1
waitmovement 0
turnrotatingtileobjects
waitmovement 0
freerotatingtilepuzzle
end
= Route110_TrickHousePuzzle7_EventScript_YellowButton
playse SE_SWITCH
waitse
playse SE_REPEL
initrotatingtilepuzzle TRUE
moverotatingtileobjects 0
waitmovement 0
turnrotatingtileobjects
waitmovement 0
freerotatingtilepuzzle
end
= Route110_TrickHousePuzzle7_EventScript_Everett
trainerbattle_single TRAINER_EVERETT Route110_TrickHousePuzzle7_Text_EverettIntro Route110_TrickHousePuzzle7_Text_EverettDefeat
msgbox	I was hoping to switch places with you when I beat you, but…
end
= Route110_TrickHousePuzzle7_EventScript_Mariela
trainerbattle_single TRAINER_MARIELA Route110_TrickHousePuzzle7_Text_MarielaIntro Route110_TrickHousePuzzle7_Text_MarielaDefeat
msgbox	Humph! I'm not upset! Not me!
end
= Route110_TrickHousePuzzle7_EventScript_Alvaro
trainerbattle_single TRAINER_ALVARO Route110_TrickHousePuzzle7_Text_AlvaroIntro Route110_TrickHousePuzzle7_Text_AlvaroDefeat
msgbox	Well, anyway, we both picked a weird place to get acquainted.As one weirdo to another, let's do our best!
end
= Route110_TrickHousePuzzle7_EventScript_ItemTropicMail
goto_if_set FLAG_ITEM_TRICK_HOUSE_PUZZLE_7_TROPIC_MAIL Route110_TrickHousePuzzle7_EventScript_ItemTropicMail_Taken
finditem ITEM_TROPIC_MAIL
setflag FLAG_ITEM_TRICK_HOUSE_PUZZLE_7_TROPIC_MAIL
end
= Route110_TrickHousePuzzle7_EventScript_ItemTropicMail_Taken
end
= Route110_TrickHousePuzzle7_EventScript_Patricia
trainerbattle_single TRAINER_PATRICIA Route110_TrickHousePuzzle7_Text_PatriciaIntro Route110_TrickHousePuzzle7_Text_PatriciaDefeat
msgbox	I've circled the same spot over ten times now… It's ill fortune…
end
= Route110_TrickHousePuzzle7_EventScript_Alexis
trainerbattle_single TRAINER_ALEXIS Route110_TrickHousePuzzle7_Text_AlexisIntro Route110_TrickHousePuzzle7_Text_AlexisDefeat
msgbox	You're solving all the puzzles in the TRICK HOUSE. That's the feeling I get.
end
= Route110_TrickHousePuzzle7_EventScript_Joshua
trainerbattle_single TRAINER_JOSHUA Route110_TrickHousePuzzle7_Text_JoshuaIntro Route110_TrickHousePuzzle7_Text_JoshuaDefeat
msgbox	I wish I could appear and disappear as if I were smoke, too.
end
