tileset building__generic_building
10 9
5 4
1,1,1,1,1,1,1,1,1,1
1,1,1,1,1,1,1,1,1,1
517,517,517,519,517,517,519,517,517,517
525,525,525,527,525,525,527,525,525,525
548,548,548,548,548,548,548,548,548,548
569,547,564,744,746,572,547,547,547,547
569,547,564,752,754,572,547,547,547,547
569,547,547,547,547,547,547,547,547,547
569,547,547,520,521,547,547,547,547,547
collision
1,1,1,1,1,1,1,1,1,1
1,1,1,1,1,1,1,1,1,1
1,1,1,1,1,1,1,1,1,1
1,1,1,1,1,1,1,1,1,1
0,0,0,0,0,0,0,0,0,0
0,0,0,1,1,0,0,0,0,0
0,0,0,1,1,0,0,0,0,0
0,0,0,0,0,0,0,0,0,0
0,0,0,0,0,0,0,0,0,0
warps
3 8 SafariZone_Southwest 0
4 8 SafariZone_Southwest 0
npcs
people_youngster 7 4 E static 0 - 0
people_psychic_m 8 4 W static 0 - 0
people_fat_man 2 5 E static 0 - 0
objscripts
0 SafariZone_RestHouse_EventScript_Youngster
1 SafariZone_RestHouse_EventScript_PsychicM
2 SafariZone_RestHouse_EventScript_FatMan
scriptdefs
= SafariZone_RestHouse_EventScript_FatMan
msgbox	Wenn du im FUTTERTROG anbringst, werden POKéMON davon angezogen.Ich glaube, POKéMON mit einer ähnlichen Wesensart werden von einer bestimmten Sorte  angezogen.
end
= SafariZone_RestHouse_EventScript_PsychicM
msgbox	Wenn du S benutzt, laufen wilde POKéMON nicht so schnell weg.Es bringt nicht viel, S bei POKéMON einzusetzen, die nicht so leicht fliehen.
end
= SafariZone_RestHouse_EventScript_Youngster
msgbox	Ich habe keine S, aber ich habe schon eine ganze Menge POKéMON gefangen.Du kannst deine Fangchancen verbessern, indem du dich näher heranschleichst, bevor du einen SAFARI-BALL wirfst.
end
mapsec
16 2 1 1	SAFARI ZONE
music
MUS_SAFARI_ZONE
