tileset general__facility
9 7
4 3
760,760,760,537,537,539,540,537,537
768,768,768,696,697,547,548,526,527
515,516,516,704,705,516,516,534,535
948,514,514,514,514,514,514,516,516
949,514,514,514,514,514,514,514,514
515,514,514,524,525,514,514,514,514
515,514,514,532,533,514,514,518,519
collision
1,1,1,1,1,1,1,1,1
1,1,1,1,1,1,1,1,1
0,0,0,0,0,0,0,1,1
1,0,0,0,0,0,0,0,0
1,0,0,0,0,0,0,0,0
0,0,0,1,1,0,0,0,0
0,0,0,1,1,0,0,0,0
warps
7 6 AbandonedShip_Deck 4
8 6 AbandonedShip_Deck 4
npcs
people_scientist_1 3 4 S static 0 - 0
misc_item_ball 0 6 S static FLAG_ITEM_ABANDONED_SHIP_CAPTAINS_OFFICE_STORAGE_KEY - 0
dialogs
0	Ich untersuche dieses Schiff im Auftrag von KAPITÄN STERN.Er hat mich außerdem gebeten, einen SCANNER zu finden, aber bisher hatte ich keinen Erfolg…
objscripts
0 AbandonedShip_CaptainsOffice_EventScript_CaptSternAide
1 AbandonedShip_CaptainsOffice_EventScript_ItemStorageKey
scriptdefs
= AbandonedShip_CaptainsOffice_EventScript_ItemStorageKey
goto_if_set FLAG_ITEM_ABANDONED_SHIP_CAPTAINS_OFFICE_STORAGE_KEY AbandonedShip_CaptainsOffice_EventScript_ItemStorageKey_Taken
finditem ITEM_STORAGE_KEY
setflag FLAG_ITEM_ABANDONED_SHIP_CAPTAINS_OFFICE_STORAGE_KEY
end
= AbandonedShip_CaptainsOffice_EventScript_ItemStorageKey_Taken
end
= AbandonedShip_CaptainsOffice_EventScript_CaptSternAide
lock
faceplayer
goto_if_set FLAG_EXCHANGED_SCANNER AbandonedShip_CaptainsOffice_EventScript_ThisIsSSCactus
checkitem ITEM_SCANNER
goto_if_eq VAR_RESULT TRUE AbandonedShip_CaptainsOffice_EventScript_CanYouDeliverScanner
goto_if_set FLAG_ITEM_ABANDONED_SHIP_HIDDEN_FLOOR_ROOM_2_SCANNER AbandonedShip_CaptainsOffice_EventScript_ThisIsSSCactus
msgbox	Ich untersuche dieses Schiff im Auftrag von KAPITÄN STERN.Er hat mich außerdem gebeten, einen SCANNER zu finden, aber bisher hatte ich keinen Erfolg…
release
end
= AbandonedShip_CaptainsOffice_EventScript_ThisIsSSCactus
msgbox	Dieses Schiff heißt S.S. CACTUS. Es scheint aus einer früheren Zeit zu stammen.
release
end
= AbandonedShip_CaptainsOffice_EventScript_CanYouDeliverScanner
msgbox	Oh! Das ist ein SCANNER!Hör zu, könntest du ihn zu KAPITÄN STERN bringen?Ich möchte dieses Schiff noch etwas genauer untersuchen.
release
end
mapsec
6 14 1 1	ABANDONED SHIP
music
MUS_ABANDONED_SHIP
counters
537


tileset general__inside_ship
18 12
9 6
520,521,520,680,681,680,520,513,521,520,680,681,521,520,680,520,521,520
528,529,528,688,689,688,528,513,529,528,688,689,
